vector_isr         0100  ../../asm/line-edit.asm:107
vector_table       0100  ../../asm/line-edit.asm:105
trap_nl            0101  ../../asm/line-edit.asm:108
trap_puts          0102  ../../asm/line-edit.asm:109
trap_puth          0103  ../../asm/line-edit.asm:110
hardware_flags     0200  ../../asm/line-edit.asm:127
last_inp_char      0201  ../../asm/line-edit.asm:128
input_flags        0202  ../../asm/line-edit.asm:129
inputbase          0203  ../../asm/line-edit.asm:130
inputbufsize       0204  ../../asm/line-edit.asm:131
inputbuf           0400  ../../asm/line-edit.asm:144
inputbufend        0450  ../../asm/line-edit.asm:146
boot_banner        e001  ../../asm/line-edit.asm:163
reset              e05f  ../../asm/line-edit.asm:178
reset_data         e06a  ../../asm/line-edit.asm:199
banner             e06c  ../../asm/line-edit.asm:204
input_line         e072  ../../asm/line-edit.asm:221
input_loop         e074  ../../asm/line-edit.asm:225
input_loop_nlcr    e097  ../../asm/line-edit.asm:273
input_loop_ctrlc   e09f  ../../asm/line-edit.asm:286
input_buffer_full  e0ab  ../../asm/line-edit.asm:301
describe_hw        e0ae  ../../asm/line-edit.asm:309
describe_hw2       e0b8  ../../asm/line-edit.asm:324
describe_hw1p      e0bb  ../../asm/line-edit.asm:329
describe_hws       e0c8  ../../asm/line-edit.asm:335
emit_ready         e0d8  ../../asm/line-edit.asm:340
_rom_newline       e0e2  ../../asm/line-edit.asm:362
_rom_puts          e0e7  ../../asm/line-edit.asm:373
_rom_putsl         e0e8  ../../asm/line-edit.asm:375
_rom_puthex        e0ed  ../../asm/line-edit.asm:387
_rom_puthexl       e100  ../../asm/line-edit.asm:413
_rom_puthexs       e10b  ../../asm/line-edit.asm:430
_rom_puthexm4      e11b  ../../asm/line-edit.asm:432
_rom_puthexmb      e11c  ../../asm/line-edit.asm:434
isr                e120  ../../asm/line-edit.asm:444
isr_tty0_loop      e125  ../../asm/line-edit.asm:453
isr_done_tty0      e12e  ../../asm/line-edit.asm:467
_rom_vector_isr    e136  ../../asm/line-edit.asm:484
init_vector_table  e137  ../../asm/line-edit.asm:494
init_vector_loop   e13b  ../../asm/line-edit.asm:499
rom_vector_table   e140  ../../asm/line-edit.asm:506
